Here I Am Again - 2020-07-25
When I Think About The Lord - 2020-06-09
Because He Lives - 2021-04-01
Give Thanks - 2020-04-19
I Have Found A Friend In Jesus - 2021-08-12
Seek Ye First - 2021-09-24
My Heart Sings Praises - 2021-01-08
There Is None Like You - 2020-09-14
How Great Is Our God - 2021-08-31
At The Place Where You Call - 2021-10-23
You Are Good - 2021-06-26
You Are My All In All - 2020-03-27
Great Is Thy Faithfulness Jazz - 2020-12-06
Blessed Assurance - 2017-06-16
He Knows My Name - 2020-05-08
This Is My Father's World - 2019-12-09
I Am Thine, O Lord - 2020-03-15
Above All - 2020-02-25
Hosanna  - 2020-03-31
Nearer, My God, To Thee - 2021-06-02
There Is Power In The Blood - 2017-03-26
I Love You Lord Today - 2020-08-28
Joy to the World Jazz (Juju Song) - 2016-12-24
Joyful, Joyful, We Adore Thee - 2018-12-20
Hymn To Freedom 2022 - 2022-06-19
What A Friend We Have In Jesus - 2016-06-23
The Lord's Prayer - 2022-01-04
Awesome God - 2021-02-03
At The Cross - 2017-11-27
An Alabaster Vial of Perfume - 2022-02-02
I'm Rejoicing Night and Day - 2021-11-17
There Shall Be Showers Of Blessing - 2021-07-20
Every Move I Make - 2022-03-07
Amazing Grace - 2017-08-05
Lord, I Lift Your Name On High - 2020-04-27
I Surrender All - R&B version - 2018-09-21
What The Lord Has Done In Me - 2022-02-14
Angels We Have Heard On High - 2019-12-16
Silver and Gold - 2021-03-02
Love Theory - 2020-06-17
Falling In Love With Jesus - 2021-02-16
Hallelujah Chorus - 2020-04-12
Jesus At The Center - 2020-01-10
I Offer My Life - 2022-01-15
I Know Not Why God's Wondrous Grace - 2022-05-24
Nothing But the Blood of Jesus - 2017-05-10
Jesus Loves Me - 2019-03-08
Still - 2021-04-24
Oh Happy Day - 2022-04-21
